******************************************************************************
                  TI ARM Linker Unix v18.1.1                   
******************************************************************************
>> Linked Sun Sep  9 17:48:01 2018

OUTPUT FILE NAME:   <ReferenceSource.out>
ENTRY POINT SYMBOL: "_c_int00_noargs"  address: 0000154d


MEMORY CONFIGURATION

         name            origin    length      used     unused   attr    fill
----------------------  --------  ---------  --------  --------  ----  --------
  FLASH                 00000000   00040000  000018bc  0003e744  R  X
  SRAM                  20000000   00008000  00000635  000079cb  RW X


SEGMENT ALLOCATION MAP

run origin  load origin   length   init length attrs members
----------  ----------- ---------- ----------- ----- -------
00000000    00000000    000018c0   000018c0    r-x
  00000000    00000000    0000026c   0000026c    r-- .intvecs
  0000026c    0000026c    000013b4   000013b4    r-x .text
  00001620    00001620    00000264   00000264    r-- .const
  00001888    00001888    00000038   00000038    r-- .cinit
20000000    20000000    00000637   00000000    rw-
  20000000    20000000    00000426   00000000    rw- .bss
  20000428    20000428    00000200   00000000    rw- .stack
  20000628    20000628    0000000f   00000000    rw- .data


SECTION ALLOCATION MAP

 output                                  attributes/
section   page    origin      length       input sections
--------  ----  ----------  ----------   ----------------
.intvecs   0    00000000    0000026c     
                  00000000    0000026c     tm4c123gh6pm_startup_ccs.obj (.intvecs)

.text      0    0000026c    000013b4     
                  0000026c    0000058c     main.obj (.text)
                  000007f8    000004d4     lcdDriver.obj (.text)
                  00000ccc    000002dc     initHw.obj (.text)
                  00000fa8    000001b6     rtsv7M4_T_le_v4SPD16_eabi.lib : fd_add_t2.asm.obj (.text)
                  0000115e    000000fc                                   : fd_mul_t2.asm.obj (.text)
                  0000125a    0000009c                                   : memcpy_t2.asm.obj (.text)
                  000012f6    0000007a                                   : memset_t2.asm.obj (.text)
                  00001370    0000006e                                   : fd_tos_t2.asm.obj (.text)
                  000013de    00000002     --HOLE-- [fill = 0]
                  000013e0    00000068     driverlib.lib : interrupt.obj (.text:IntEnable)
                  00001448    00000068     rtsv7M4_T_le_v4SPD16_eabi.lib : copy_decompress_lzss.c.obj (.text:decompress:lzss:__TI_decompress_lzss)
                  000014b0    00000056     driverlib.lib : gpio.obj (.text:GPIOIntTypeSet)
                  00001506    00000002     --HOLE-- [fill = 0]
                  00001508    00000044     rtsv7M4_T_le_v4SPD16_eabi.lib : autoinit.c.obj (.text:__TI_auto_init_nobinit_nopinit:__TI_auto_init_nobinit_nopinit)
                  0000154c    00000038                                   : boot_cortex_m.c.obj (.text:_c_int00_noargs:_c_int00_noargs)
                  00001584    0000002e                                   : i_tofd_t2.asm.obj (.text)
                  000015b2    00000020                                   : u_tofd_t2.asm.obj (.text)
                  000015d2    00000014                                   : strlen.c.obj (.text:strlen)
                  000015e6    0000000e                                   : copy_decompress_none.c.obj (.text:decompress:none:__TI_decompress_none)
                  000015f4    0000000c     driverlib.lib : gpio.obj (.text:GPIOIntEnable)
                  00001600    0000000c     rtsv7M4_T_le_v4SPD16_eabi.lib : copy_zero_init.c.obj (.text:decompress:ZI:__TI_zero_init)
                  0000160c    0000000c     tm4c123gh6pm_startup_ccs.obj (.text)
                  00001618    00000004     rtsv7M4_T_le_v4SPD16_eabi.lib : pre_init.c.obj (.text:_system_pre_init)
                  0000161c    00000004                                   : exit.c.obj (.text:abort:abort)

.const     0    00001620    00000264     
                  00001620    000001f4     lcdDriver.obj (.const:charGen)
                  00001814    00000070     driverlib.lib : interrupt.obj (.const)

.cinit     0    00001888    00000038     
                  00001888    00000014     (.cinit..data.load) [load image, compression = lzss]
                  0000189c    0000000c     (__TI_handler_table)
                  000018a8    00000008     (.cinit..bss.load) [load image, compression = zero_init]
                  000018b0    00000010     (__TI_cinit_table)

.init_array 
*          0    00000000    00000000     UNINITIALIZED

.bss       0    20000000    00000426     UNINITIALIZED
                  20000000    00000400     (.common:pixelMap)
                  20000400    00000014     (.common:packet)
                  20000414    0000000c     (.common:data)
                  20000420    00000004     (.common:sum)
                  20000424    00000002     (.common:chksum)

.data      0    20000628    0000000f     UNINITIALIZED
                  20000628    0000000c     main.obj (.data:axis)
                  20000634    00000002     lcdDriver.obj (.data)
                  20000636    00000001     main.obj (.data)

.stack     0    20000428    00000200     UNINITIALIZED
                  20000428    00000004     rtsv7M4_T_le_v4SPD16_eabi.lib : boot_cortex_m.c.obj (.stack)
                  2000042c    000001fc     --HOLE--

MODULE SUMMARY

       Module                         code   ro data   rw data
       ------                         ----   -------   -------
    ./
       lcdDriver.obj                  1236   500       1026   
       main.obj                       1420   0         51     
       initHw.obj                     732    0         0      
       tm4c123gh6pm_startup_ccs.obj   12     620       0      
    +--+------------------------------+------+---------+---------+
       Total:                         3400   1120      1077   
                                                              
    /Applications/ti/ccsv8/tools/compiler/ti-cgt-arm_18.1.1.LTS/lib/rtsv7M4_T_le_v4SPD16_eabi.lib
       fd_add_t2.asm.obj              438    0         0      
       fd_mul_t2.asm.obj              252    0         0      
       memcpy_t2.asm.obj              156    0         0      
       memset_t2.asm.obj              122    0         0      
       fd_tos_t2.asm.obj              110    0         0      
       copy_decompress_lzss.c.obj     104    0         0      
       autoinit.c.obj                 68     0         0      
       boot_cortex_m.c.obj            56     0         0      
       i_tofd_t2.asm.obj              46     0         0      
       u_tofd_t2.asm.obj              32     0         0      
       strlen.c.obj                   20     0         0      
       copy_decompress_none.c.obj     14     0         0      
       copy_zero_init.c.obj           12     0         0      
       exit.c.obj                     4      0         0      
       pre_init.c.obj                 4      0         0      
    +--+------------------------------+------+---------+---------+
       Total:                         1438   0         0      
                                                              
    /Users/nihit/Desktop/TivaWare_C_Series-2.1.4.178/driverlib/ccs/Debug/driverlib.lib
       interrupt.obj                  104    112       0      
       gpio.obj                       98     0         0      
    +--+------------------------------+------+---------+---------+
       Total:                         202    112       0      
                                                              
       Stack:                         0      0         512    
       Linker Generated:              0      56        0      
    +--+------------------------------+------+---------+---------+
       Grand Total:                   5040   1288      1589   


LINKER GENERATED COPY TABLES

__TI_cinit_table @ 000018b0 records: 2, size/record: 8, table size: 16
	.data: load addr=00001888, load size=00000014 bytes, run addr=20000628, run size=0000000f bytes, compression=lzss
	.bss: load addr=000018a8, load size=00000008 bytes, run addr=20000000, run size=00000426 bytes, compression=zero_init


LINKER GENERATED HANDLER TABLE

__TI_handler_table @ 0000189c records: 3, size/record: 4, table size: 12
	index: 0, handler: __TI_decompress_lzss
	index: 1, handler: __TI_decompress_none
	index: 2, handler: __TI_zero_init


GLOBAL SYMBOLS: SORTED ALPHABETICALLY BY Name 

address   name                          
-------   ----                          
0000161d  C$$EXIT                       
000015f5  GPIOIntEnable                 
000014b1  GPIOIntTypeSet                
000013e1  IntEnable                     
0000160d  ResetISR                      
0000038f  SumWords                      
20000628  __STACK_END                   
00000200  __STACK_SIZE                  
20000628  __STACK_TOP                   
000018b0  __TI_CINIT_Base               
000018c0  __TI_CINIT_Limit              
0000189c  __TI_Handler_Table_Base       
000018a8  __TI_Handler_Table_Limit      
00001509  __TI_auto_init_nobinit_nopinit
00001449  __TI_decompress_lzss          
000015e7  __TI_decompress_none          
ffffffff  __TI_pprof_out_hndl           
ffffffff  __TI_prof_data_size           
ffffffff  __TI_prof_data_start          
00000000  __TI_static_base__            
00001601  __TI_zero_init                
00001371  __aeabi_d2f                   
00000fb3  __aeabi_dadd                  
0000115f  __aeabi_dmul                  
00000fa9  __aeabi_dsub                  
00001585  __aeabi_i2d                   
000012f7  __aeabi_memclr                
000012f7  __aeabi_memclr4               
000012f7  __aeabi_memclr8               
0000125b  __aeabi_memcpy                
0000125b  __aeabi_memcpy4               
0000125b  __aeabi_memcpy8               
000012f9  __aeabi_memset                
000012f9  __aeabi_memset4               
000012f9  __aeabi_memset8               
000015b3  __aeabi_ui2d                  
ffffffff  __binit__                     
ffffffff  __c_args__                    
UNDEFED   __mpu_init                    
20000428  __stack                       
0000154d  _c_int00_noargs               
UNDEFED   _system_post_cinit            
00001619  _system_pre_init              
0000161d  abort                         
20000628  axis                          
ffffffff  binit                         
00000581  blinkLED                      
00000599  buttonPress                   
00001620  charGen                       
20000424  chksum                        
00000907  clearGraphicsLcd              
0000043b  createPacket                  
20000414  data                          
20000636  dataLength                    
00000519  debounceISR                   
000005f9  digitset                      
000009ab  drawGraphicsLcdPixel          
00000a69  drawGraphicsLcdRectangle      
00000000  g_pfnVectors                  
00000401  getChecksum                   
0000093d  initGraphicsLcd               
00000ccd  initHw                        
00000345  initialize_data               
000007a5  main                          
0000125b  memcpy                        
000012ff  memset                        
20000400  packet                        
20000000  pixelMap                      
00000783  portAisr                      
00000791  portFisr                      
0000051b  putPacket                     
00000c15  putcGraphicsLcd               
000002f7  putcUart0                     
0000028d  putcUart1                     
000002a9  puthUart1                     
00000c89  putsGraphicsLcd               
00000313  putsUart0                     
000002c5  putsUart1                     
0000089d  refreshGraphicsLcd            
000007f9  sendGraphicsLcdCommand        
0000082f  sendGraphicsLcdData           
0000087b  setGraphicsLcdColumn          
00000865  setGraphicsLcdPage            
00000be3  setGraphicsLcdTextPosition    
000015d3  strlen                        
20000420  sum                           
000004e7  trainingPackets               
0000054f  transmitPacketISR             
20000634  txtIndex                      
0000026d  waitMicrosecond               


GLOBAL SYMBOLS: SORTED BY Symbol Address 

address   name                          
-------   ----                          
00000000  __TI_static_base__            
00000000  g_pfnVectors                  
00000200  __STACK_SIZE                  
0000026d  waitMicrosecond               
0000028d  putcUart1                     
000002a9  puthUart1                     
000002c5  putsUart1                     
000002f7  putcUart0                     
00000313  putsUart0                     
00000345  initialize_data               
0000038f  SumWords                      
00000401  getChecksum                   
0000043b  createPacket                  
000004e7  trainingPackets               
00000519  debounceISR                   
0000051b  putPacket                     
0000054f  transmitPacketISR             
00000581  blinkLED                      
00000599  buttonPress                   
000005f9  digitset                      
00000783  portAisr                      
00000791  portFisr                      
000007a5  main                          
000007f9  sendGraphicsLcdCommand        
0000082f  sendGraphicsLcdData           
00000865  setGraphicsLcdPage            
0000087b  setGraphicsLcdColumn          
0000089d  refreshGraphicsLcd            
00000907  clearGraphicsLcd              
0000093d  initGraphicsLcd               
000009ab  drawGraphicsLcdPixel          
00000a69  drawGraphicsLcdRectangle      
00000be3  setGraphicsLcdTextPosition    
00000c15  putcGraphicsLcd               
00000c89  putsGraphicsLcd               
00000ccd  initHw                        
00000fa9  __aeabi_dsub                  
00000fb3  __aeabi_dadd                  
0000115f  __aeabi_dmul                  
0000125b  __aeabi_memcpy                
0000125b  __aeabi_memcpy4               
0000125b  __aeabi_memcpy8               
0000125b  memcpy                        
000012f7  __aeabi_memclr                
000012f7  __aeabi_memclr4               
000012f7  __aeabi_memclr8               
000012f9  __aeabi_memset                
000012f9  __aeabi_memset4               
000012f9  __aeabi_memset8               
000012ff  memset                        
00001371  __aeabi_d2f                   
000013e1  IntEnable                     
00001449  __TI_decompress_lzss          
000014b1  GPIOIntTypeSet                
00001509  __TI_auto_init_nobinit_nopinit
0000154d  _c_int00_noargs               
00001585  __aeabi_i2d                   
000015b3  __aeabi_ui2d                  
000015d3  strlen                        
000015e7  __TI_decompress_none          
000015f5  GPIOIntEnable                 
00001601  __TI_zero_init                
0000160d  ResetISR                      
00001619  _system_pre_init              
0000161d  C$$EXIT                       
0000161d  abort                         
00001620  charGen                       
0000189c  __TI_Handler_Table_Base       
000018a8  __TI_Handler_Table_Limit      
000018b0  __TI_CINIT_Base               
000018c0  __TI_CINIT_Limit              
20000000  pixelMap                      
20000400  packet                        
20000414  data                          
20000420  sum                           
20000424  chksum                        
20000428  __stack                       
20000628  __STACK_END                   
20000628  __STACK_TOP                   
20000628  axis                          
20000634  txtIndex                      
20000636  dataLength                    
ffffffff  __TI_pprof_out_hndl           
ffffffff  __TI_prof_data_size           
ffffffff  __TI_prof_data_start          
ffffffff  __binit__                     
ffffffff  __c_args__                    
ffffffff  binit                         
UNDEFED   __mpu_init                    
UNDEFED   _system_post_cinit            

[90 symbols]
