******************************************************************************
                  TI ARM Linker Unix v18.1.1                   
******************************************************************************
>> Linked Tue Sep 11 17:06:25 2018

OUTPUT FILE NAME:   <ReferenceSource.out>
ENTRY POINT SYMBOL: "_c_int00_noargs"  address: 000015fd


MEMORY CONFIGURATION

         name            origin    length      used     unused   attr    fill
----------------------  --------  ---------  --------  --------  ----  --------
  FLASH                 00000000   00040000  00001982  0003e67e  R  X
  SRAM                  20000000   00008000  0000063a  000079c6  RW X


SEGMENT ALLOCATION MAP

run origin  load origin   length   init length attrs members
----------  ----------- ---------- ----------- ----- -------
00000000    00000000    00001988   00001988    r-x
  00000000    00000000    0000026c   0000026c    r-- .intvecs
  0000026c    0000026c    00001472   00001472    r-x .text
  000016e0    000016e0    00000264   00000264    r-- .const
  00001948    00001948    00000040   00000040    r-- .cinit
20000000    20000000    0000063c   00000000    rw-
  20000000    20000000    00000426   00000000    rw- .bss
  20000428    20000428    00000200   00000000    rw- .stack
  20000628    20000628    00000014   00000000    rw- .data


SECTION ALLOCATION MAP

 output                                  attributes/
section   page    origin      length       input sections
--------  ----  ----------  ----------   ----------------
.intvecs   0    00000000    0000026c     
                  00000000    0000026c     tm4c123gh6pm_startup_ccs.obj (.intvecs)

.text      0    0000026c    00001472     
                  0000026c    00000b4c     main.obj (.text)
                  00000db8    000002a0     initHw.obj (.text)
                  00001058    000001b6     rtsv7M4_T_le_v4SPD16_eabi.lib : fd_add_t2.asm.obj (.text)
                  0000120e    000000fc                                   : fd_mul_t2.asm.obj (.text)
                  0000130a    0000009c                                   : memcpy_t2.asm.obj (.text)
                  000013a6    0000007a                                   : memset_t2.asm.obj (.text)
                  00001420    0000006e                                   : fd_tos_t2.asm.obj (.text)
                  0000148e    00000002     --HOLE-- [fill = 0]
                  00001490    00000068     driverlib.lib : interrupt.obj (.text:IntEnable)
                  000014f8    00000068     rtsv7M4_T_le_v4SPD16_eabi.lib : copy_decompress_lzss.c.obj (.text:decompress:lzss:__TI_decompress_lzss)
                  00001560    00000056     driverlib.lib : gpio.obj (.text:GPIOIntTypeSet)
                  000015b6    00000002     --HOLE-- [fill = 0]
                  000015b8    00000044     rtsv7M4_T_le_v4SPD16_eabi.lib : autoinit.c.obj (.text:__TI_auto_init_nobinit_nopinit:__TI_auto_init_nobinit_nopinit)
                  000015fc    00000038                                   : boot_cortex_m.c.obj (.text:_c_int00_noargs:_c_int00_noargs)
                  00001634    0000002e                                   : i_tofd_t2.asm.obj (.text)
                  00001662    00000020                                   : u_tofd_t2.asm.obj (.text)
                  00001682    00000014                                   : strlen.c.obj (.text:strlen)
                  00001696    0000000e     driverlib.lib : gpio.obj (.text:GPIOIntDisable)
                  000016a4    0000000e     rtsv7M4_T_le_v4SPD16_eabi.lib : copy_decompress_none.c.obj (.text:decompress:none:__TI_decompress_none)
                  000016b2    0000000c     driverlib.lib : gpio.obj (.text:GPIOIntEnable)
                  000016be    0000000c     rtsv7M4_T_le_v4SPD16_eabi.lib : copy_zero_init.c.obj (.text:decompress:ZI:__TI_zero_init)
                  000016ca    0000000c     tm4c123gh6pm_startup_ccs.obj (.text)
                  000016d6    00000004     rtsv7M4_T_le_v4SPD16_eabi.lib : pre_init.c.obj (.text:_system_pre_init)
                  000016da    00000004                                   : exit.c.obj (.text:abort:abort)

.const     0    000016e0    00000264     
                  000016e0    000001f4     main.obj (.const:charGen)
                  000018d4    00000070     driverlib.lib : interrupt.obj (.const)

.cinit     0    00001948    00000040     
                  00001948    00000019     (.cinit..data.load) [load image, compression = lzss]
                  00001961    00000003     --HOLE-- [fill = 0]
                  00001964    0000000c     (__TI_handler_table)
                  00001970    00000008     (.cinit..bss.load) [load image, compression = zero_init]
                  00001978    00000010     (__TI_cinit_table)

.init_array 
*          0    00000000    00000000     UNINITIALIZED

.bss       0    20000000    00000426     UNINITIALIZED
                  20000000    00000400     (.common:pixelMap)
                  20000400    00000014     (.common:packet)
                  20000414    0000000c     (.common:data)
                  20000420    00000004     (.common:sum)
                  20000424    00000002     (.common:chksum)

.data      0    20000628    00000014     UNINITIALIZED
                  20000628    0000000c     main.obj (.data:axis)
                  20000634    00000008     main.obj (.data)

.stack     0    20000428    00000200     UNINITIALIZED
                  20000428    00000004     rtsv7M4_T_le_v4SPD16_eabi.lib : boot_cortex_m.c.obj (.stack)
                  2000042c    000001fc     --HOLE--

MODULE SUMMARY

       Module                         code   ro data   rw data
       ------                         ----   -------   -------
    ./
       main.obj                       2892   500       1082   
       initHw.obj                     672    0         0      
       tm4c123gh6pm_startup_ccs.obj   12     620       0      
    +--+------------------------------+------+---------+---------+
       Total:                         3576   1120      1082   
                                                              
    /Applications/ti/ccsv8/tools/compiler/ti-cgt-arm_18.1.1.LTS/lib/rtsv7M4_T_le_v4SPD16_eabi.lib
       fd_add_t2.asm.obj              438    0         0      
       fd_mul_t2.asm.obj              252    0         0      
       memcpy_t2.asm.obj              156    0         0      
       memset_t2.asm.obj              122    0         0      
       fd_tos_t2.asm.obj              110    0         0      
       copy_decompress_lzss.c.obj     104    0         0      
       autoinit.c.obj                 68     0         0      
       boot_cortex_m.c.obj            56     0         0      
       i_tofd_t2.asm.obj              46     0         0      
       u_tofd_t2.asm.obj              32     0         0      
       strlen.c.obj                   20     0         0      
       copy_decompress_none.c.obj     14     0         0      
       copy_zero_init.c.obj           12     0         0      
       exit.c.obj                     4      0         0      
       pre_init.c.obj                 4      0         0      
    +--+------------------------------+------+---------+---------+
       Total:                         1438   0         0      
                                                              
    /Users/nihit/Desktop/TivaWare_C_Series-2.1.4.178/driverlib/ccs/Debug/driverlib.lib
       interrupt.obj                  104    112       0      
       gpio.obj                       112    0         0      
    +--+------------------------------+------+---------+---------+
       Total:                         216    112       0      
                                                              
       Stack:                         0      0         512    
       Linker Generated:              0      61        0      
    +--+------------------------------+------+---------+---------+
       Grand Total:                   5230   1293      1594   


LINKER GENERATED COPY TABLES

__TI_cinit_table @ 00001978 records: 2, size/record: 8, table size: 16
	.data: load addr=00001948, load size=00000019 bytes, run addr=20000628, run size=00000014 bytes, compression=lzss
	.bss: load addr=00001970, load size=00000008 bytes, run addr=20000000, run size=00000426 bytes, compression=zero_init


LINKER GENERATED HANDLER TABLE

__TI_handler_table @ 00001964 records: 3, size/record: 4, table size: 12
	index: 0, handler: __TI_decompress_lzss
	index: 1, handler: __TI_decompress_none
	index: 2, handler: __TI_zero_init


GLOBAL SYMBOLS: SORTED ALPHABETICALLY BY Name 

address   name                          
-------   ----                          
000016db  C$$EXIT                       
00001697  GPIOIntDisable                
000016b3  GPIOIntEnable                 
00001561  GPIOIntTypeSet                
00001491  IntEnable                     
000016cb  ResetISR                      
00000837  SumWords                      
20000628  __STACK_END                   
00000200  __STACK_SIZE                  
20000628  __STACK_TOP                   
00001978  __TI_CINIT_Base               
00001988  __TI_CINIT_Limit              
00001964  __TI_Handler_Table_Base       
00001970  __TI_Handler_Table_Limit      
000015b9  __TI_auto_init_nobinit_nopinit
000014f9  __TI_decompress_lzss          
000016a5  __TI_decompress_none          
ffffffff  __TI_pprof_out_hndl           
ffffffff  __TI_prof_data_size           
ffffffff  __TI_prof_data_start          
00000000  __TI_static_base__            
000016bf  __TI_zero_init                
00001421  __aeabi_d2f                   
00001063  __aeabi_dadd                  
0000120f  __aeabi_dmul                  
00001059  __aeabi_dsub                  
00001635  __aeabi_i2d                   
000013a7  __aeabi_memclr                
000013a7  __aeabi_memclr4               
000013a7  __aeabi_memclr8               
0000130b  __aeabi_memcpy                
0000130b  __aeabi_memcpy4               
0000130b  __aeabi_memcpy8               
000013a9  __aeabi_memset                
000013a9  __aeabi_memset4               
000013a9  __aeabi_memset8               
00001663  __aeabi_ui2d                  
ffffffff  __binit__                     
ffffffff  __c_args__                    
UNDEFED   __mpu_init                    
20000428  __stack                       
000015fd  _c_int00_noargs               
UNDEFED   _system_post_cinit            
000016d7  _system_pre_init              
000016db  abort                         
20000628  axis                          
ffffffff  binit                         
00000a37  blinkLED                      
00000a65  buttonPress                   
000016e0  charGen                       
20000424  chksum                        
0000037b  clearGraphicsLcd              
000008e9  createPacket                  
20000414  data                          
20000638  dataLength                    
000009cb  debounceISR                   
00000aad  digitset                      
0000040d  drawGraphicsLcdPixel          
000004c9  drawGraphicsLcdRectangle      
20000636  enterPbPressed                
00000000  g_pfnVectors                  
000008a9  getChecksum                   
000003b1  initGraphicsLcd               
00000db9  initHw                        
000007ed  initialize_data               
20000634  leftPbPressed                 
00000ce7  main                          
0000130b  memcpy                        
000013af  memset                        
20000400  packet                        
00000ccd  pbHit                         
20000637  pbPressedValue                
20000000  pixelMap                      
00000c3d  portAisr                      
00000c9f  portFisr                      
000009d1  putPacket                     
0000066f  putcGraphicsLcd               
0000079f  putcUart0                     
00000735  putcUart1                     
00000751  puthUart1                     
000006e9  putsGraphicsLcd               
000007bb  putsUart0                     
0000076d  putsUart1                     
00000311  refreshGraphicsLcd            
20000635  rightPbPressed                
0000026d  sendGraphicsLcdCommand        
000002a3  sendGraphicsLcdData           
000002ef  setGraphicsLcdColumn          
000002d9  setGraphicsLcdPage            
00000643  setGraphicsLcdTextPosition    
00001683  strlen                        
20000420  sum                           
00000999  trainingPackets               
00000a05  transmitPacketISR             
2000063a  txtIndex                      
00000715  waitMicrosecond               


GLOBAL SYMBOLS: SORTED BY Symbol Address 

address   name                          
-------   ----                          
00000000  __TI_static_base__            
00000000  g_pfnVectors                  
00000200  __STACK_SIZE                  
0000026d  sendGraphicsLcdCommand        
000002a3  sendGraphicsLcdData           
000002d9  setGraphicsLcdPage            
000002ef  setGraphicsLcdColumn          
00000311  refreshGraphicsLcd            
0000037b  clearGraphicsLcd              
000003b1  initGraphicsLcd               
0000040d  drawGraphicsLcdPixel          
000004c9  drawGraphicsLcdRectangle      
00000643  setGraphicsLcdTextPosition    
0000066f  putcGraphicsLcd               
000006e9  putsGraphicsLcd               
00000715  waitMicrosecond               
00000735  putcUart1                     
00000751  puthUart1                     
0000076d  putsUart1                     
0000079f  putcUart0                     
000007bb  putsUart0                     
000007ed  initialize_data               
00000837  SumWords                      
000008a9  getChecksum                   
000008e9  createPacket                  
00000999  trainingPackets               
000009cb  debounceISR                   
000009d1  putPacket                     
00000a05  transmitPacketISR             
00000a37  blinkLED                      
00000a65  buttonPress                   
00000aad  digitset                      
00000c3d  portAisr                      
00000c9f  portFisr                      
00000ccd  pbHit                         
00000ce7  main                          
00000db9  initHw                        
00001059  __aeabi_dsub                  
00001063  __aeabi_dadd                  
0000120f  __aeabi_dmul                  
0000130b  __aeabi_memcpy                
0000130b  __aeabi_memcpy4               
0000130b  __aeabi_memcpy8               
0000130b  memcpy                        
000013a7  __aeabi_memclr                
000013a7  __aeabi_memclr4               
000013a7  __aeabi_memclr8               
000013a9  __aeabi_memset                
000013a9  __aeabi_memset4               
000013a9  __aeabi_memset8               
000013af  memset                        
00001421  __aeabi_d2f                   
00001491  IntEnable                     
000014f9  __TI_decompress_lzss          
00001561  GPIOIntTypeSet                
000015b9  __TI_auto_init_nobinit_nopinit
000015fd  _c_int00_noargs               
00001635  __aeabi_i2d                   
00001663  __aeabi_ui2d                  
00001683  strlen                        
00001697  GPIOIntDisable                
000016a5  __TI_decompress_none          
000016b3  GPIOIntEnable                 
000016bf  __TI_zero_init                
000016cb  ResetISR                      
000016d7  _system_pre_init              
000016db  C$$EXIT                       
000016db  abort                         
000016e0  charGen                       
00001964  __TI_Handler_Table_Base       
00001970  __TI_Handler_Table_Limit      
00001978  __TI_CINIT_Base               
00001988  __TI_CINIT_Limit              
20000000  pixelMap                      
20000400  packet                        
20000414  data                          
20000420  sum                           
20000424  chksum                        
20000428  __stack                       
20000628  __STACK_END                   
20000628  __STACK_TOP                   
20000628  axis                          
20000634  leftPbPressed                 
20000635  rightPbPressed                
20000636  enterPbPressed                
20000637  pbPressedValue                
20000638  dataLength                    
2000063a  txtIndex                      
ffffffff  __TI_pprof_out_hndl           
ffffffff  __TI_prof_data_size           
ffffffff  __TI_prof_data_start          
ffffffff  __binit__                     
ffffffff  __c_args__                    
ffffffff  binit                         
UNDEFED   __mpu_init                    
UNDEFED   _system_post_cinit            

[96 symbols]
