******************************************************************************
                  TI ARM Linker Unix v18.1.1                   
******************************************************************************
>> Linked Sat Sep  1 18:04:09 2018

OUTPUT FILE NAME:   <ReferenceSource.out>
ENTRY POINT SYMBOL: "_c_int00_noargs"  address: 00000869


MEMORY CONFIGURATION

         name            origin    length      used     unused   attr    fill
----------------------  --------  ---------  --------  --------  ----  --------
  FLASH                 00000000   00040000  00000918  0003f6e8  R  X
  SRAM                  20000000   00008000  00000227  00007dd9  RW X


SEGMENT ALLOCATION MAP

run origin  load origin   length   init length attrs members
----------  ----------- ---------- ----------- ----- -------
00000000    00000000    00000918   00000918    r-x
  00000000    00000000    0000026c   0000026c    r-- .intvecs
  0000026c    0000026c    0000067c   0000067c    r-x .text
  000008e8    000008e8    00000030   00000030    r-- .cinit
20000000    20000000    00000227   00000000    rw-
  20000000    20000000    00000200   00000000    rw- .stack
  20000200    20000200    00000026   00000000    rw- .bss
  20000226    20000226    00000001   00000000    rw- .data


SECTION ALLOCATION MAP

 output                                  attributes/
section   page    origin      length       input sections
--------  ----  ----------  ----------   ----------------
.intvecs   0    00000000    0000026c     
                  00000000    0000026c     tm4c123gh6pm_startup_ccs.obj (.intvecs)

.text      0    0000026c    0000067c     
                  0000026c    000004b4     main.obj (.text)
                  00000720    0000009c     rtsv7M4_T_le_v4SPD16_eabi.lib : memcpy_t2.asm.obj (.text)
                  000007bc    00000068                                   : copy_decompress_lzss.c.obj (.text:decompress:lzss:__TI_decompress_lzss)
                  00000824    00000044                                   : autoinit.c.obj (.text:__TI_auto_init_nobinit_nopinit:__TI_auto_init_nobinit_nopinit)
                  00000868    00000038                                   : boot_cortex_m.c.obj (.text:_c_int00_noargs:_c_int00_noargs)
                  000008a0    00000014                                   : strlen.c.obj (.text:strlen)
                  000008b4    00000012                                   : copy_zero_init.c.obj (.text:decompress:ZI:__TI_zero_init_nomemset:__TI_zero_init_nomemset)
                  000008c6    0000000e                                   : copy_decompress_none.c.obj (.text:decompress:none:__TI_decompress_none)
                  000008d4    0000000c     tm4c123gh6pm_startup_ccs.obj (.text)
                  000008e0    00000004     rtsv7M4_T_le_v4SPD16_eabi.lib : pre_init.c.obj (.text:_system_pre_init)
                  000008e4    00000004                                   : exit.c.obj (.text:abort:abort)

.cinit     0    000008e8    00000030     
                  000008e8    0000000c     (__TI_handler_table)
                  000008f4    00000004     --HOLE-- [fill = 0]
                  000008f8    00000008     (.cinit..bss.load) [load image, compression = zero_init]
                  00000900    00000005     (.cinit..data.load) [load image, compression = lzss]
                  00000905    00000003     --HOLE-- [fill = 0]
                  00000908    00000010     (__TI_cinit_table)

.init_array 
*          0    00000000    00000000     UNINITIALIZED

.bss       0    20000200    00000026     UNINITIALIZED
                  20000200    00000014     (.common:packet)
                  20000214    0000000c     (.common:data)
                  20000220    00000004     (.common:sum)
                  20000224    00000002     (.common:chksum)

.data      0    20000226    00000001     UNINITIALIZED
                  20000226    00000001     main.obj (.data)

.stack     0    20000000    00000200     UNINITIALIZED
                  20000000    00000004     rtsv7M4_T_le_v4SPD16_eabi.lib : boot_cortex_m.c.obj (.stack)
                  20000004    000001fc     --HOLE--

MODULE SUMMARY

       Module                         code   ro data   rw data
       ------                         ----   -------   -------
    ./
       main.obj                       1204   0         39     
       tm4c123gh6pm_startup_ccs.obj   12     620       0      
    +--+------------------------------+------+---------+---------+
       Total:                         1216   620       39     
                                                              
    /Applications/ti/ccsv8/tools/compiler/ti-cgt-arm_18.1.1.LTS/lib/rtsv7M4_T_le_v4SPD16_eabi.lib
       memcpy_t2.asm.obj              156    0         0      
       copy_decompress_lzss.c.obj     104    0         0      
       autoinit.c.obj                 68     0         0      
       boot_cortex_m.c.obj            56     0         0      
       strlen.c.obj                   20     0         0      
       copy_zero_init.c.obj           18     0         0      
       copy_decompress_none.c.obj     14     0         0      
       exit.c.obj                     4      0         0      
       pre_init.c.obj                 4      0         0      
    +--+------------------------------+------+---------+---------+
       Total:                         444    0         0      
                                                              
       Stack:                         0      0         512    
       Linker Generated:              0      41        0      
    +--+------------------------------+------+---------+---------+
       Grand Total:                   1660   661       551    


LINKER GENERATED COPY TABLES

__TI_cinit_table @ 00000908 records: 2, size/record: 8, table size: 16
	.bss: load addr=000008f8, load size=00000008 bytes, run addr=20000200, run size=00000026 bytes, compression=zero_init
	.data: load addr=00000900, load size=00000005 bytes, run addr=20000226, run size=00000001 bytes, compression=lzss


LINKER GENERATED HANDLER TABLE

__TI_handler_table @ 000008e8 records: 3, size/record: 4, table size: 12
	index: 0, handler: __TI_decompress_lzss
	index: 1, handler: __TI_decompress_none
	index: 2, handler: __TI_zero_init


GLOBAL SYMBOLS: SORTED ALPHABETICALLY BY Name 

address   name                          
-------   ----                          
000008e5  C$$EXIT                       
000008d5  ResetISR                      
0000043f  SumWords                      
20000200  __STACK_END                   
00000200  __STACK_SIZE                  
20000200  __STACK_TOP                   
00000908  __TI_CINIT_Base               
00000918  __TI_CINIT_Limit              
000008e8  __TI_Handler_Table_Base       
000008f4  __TI_Handler_Table_Limit      
00000825  __TI_auto_init_nobinit_nopinit
000007bd  __TI_decompress_lzss          
000008c7  __TI_decompress_none          
ffffffff  __TI_pprof_out_hndl           
ffffffff  __TI_prof_data_size           
ffffffff  __TI_prof_data_start          
00000000  __TI_static_base__            
000008b5  __TI_zero_init_nomemset       
00000721  __aeabi_memcpy                
00000721  __aeabi_memcpy4               
00000721  __aeabi_memcpy8               
ffffffff  __binit__                     
ffffffff  __c_args__                    
UNDEFED   __mpu_init                    
20000000  __stack                       
00000869  _c_int00_noargs               
UNDEFED   _system_post_cinit            
000008e1  _system_pre_init              
000008e5  abort                         
ffffffff  binit                         
20000224  chksum                        
000004eb  createPacket                  
20000214  data                          
20000226  dataLength                    
00000000  g_pfnVectors                  
000004b1  getChecksum                   
0000026d  initHw                        
000003f5  initialize_data               
000006a1  main                          
00000721  memcpy                        
20000200  packet                        
00000629  putPacket                     
000003a7  putcUart0                     
0000033d  putcUart1                     
00000359  puthUart1                     
000003c3  putsUart0                     
00000375  putsUart1                     
000008a1  strlen                        
20000220  sum                           
00000665  timer1ISR                     
000005d1  trainingPackets               
0000031d  waitMicrosecond               


GLOBAL SYMBOLS: SORTED BY Symbol Address 

address   name                          
-------   ----                          
00000000  __TI_static_base__            
00000000  g_pfnVectors                  
00000200  __STACK_SIZE                  
0000026d  initHw                        
0000031d  waitMicrosecond               
0000033d  putcUart1                     
00000359  puthUart1                     
00000375  putsUart1                     
000003a7  putcUart0                     
000003c3  putsUart0                     
000003f5  initialize_data               
0000043f  SumWords                      
000004b1  getChecksum                   
000004eb  createPacket                  
000005d1  trainingPackets               
00000629  putPacket                     
00000665  timer1ISR                     
000006a1  main                          
00000721  __aeabi_memcpy                
00000721  __aeabi_memcpy4               
00000721  __aeabi_memcpy8               
00000721  memcpy                        
000007bd  __TI_decompress_lzss          
00000825  __TI_auto_init_nobinit_nopinit
00000869  _c_int00_noargs               
000008a1  strlen                        
000008b5  __TI_zero_init_nomemset       
000008c7  __TI_decompress_none          
000008d5  ResetISR                      
000008e1  _system_pre_init              
000008e5  C$$EXIT                       
000008e5  abort                         
000008e8  __TI_Handler_Table_Base       
000008f4  __TI_Handler_Table_Limit      
00000908  __TI_CINIT_Base               
00000918  __TI_CINIT_Limit              
20000000  __stack                       
20000200  __STACK_END                   
20000200  __STACK_TOP                   
20000200  packet                        
20000214  data                          
20000220  sum                           
20000224  chksum                        
20000226  dataLength                    
ffffffff  __TI_pprof_out_hndl           
ffffffff  __TI_prof_data_size           
ffffffff  __TI_prof_data_start          
ffffffff  __binit__                     
ffffffff  __c_args__                    
ffffffff  binit                         
UNDEFED   __mpu_init                    
UNDEFED   _system_post_cinit            

[52 symbols]
