******************************************************************************
                  TI ARM Linker Unix v18.1.1                   
******************************************************************************
>> Linked Sat Oct  6 15:49:29 2018

OUTPUT FILE NAME:   <ReferenceSource.out>
ENTRY POINT SYMBOL: "_c_int00_noargs"  address: 00001609


MEMORY CONFIGURATION

         name            origin    length      used     unused   attr    fill
----------------------  --------  ---------  --------  --------  ----  --------
  FLASH                 00000000   00040000  00001930  0003e6d0  R  X
  SRAM                  20000000   00008000  00000636  000079ca  RW X


SEGMENT ALLOCATION MAP

run origin  load origin   length   init length attrs members
----------  ----------- ---------- ----------- ----- -------
00000000    00000000    00001930   00001930    r-x
  00000000    00000000    0000026c   0000026c    r-- .intvecs
  0000026c    0000026c    00001430   00001430    r-x .text
  0000169c    0000169c    00000264   00000264    r-- .const
  00001900    00001900    00000030   00000030    r-- .cinit
20000000    20000000    00000638   00000000    rw-
  20000000    20000000    00000426   00000000    rw- .bss
  20000428    20000428    00000200   00000000    rw- .stack
  20000628    20000628    00000010   00000000    rw- .data


SECTION ALLOCATION MAP

 output                                  attributes/
section   page    origin      length       input sections
--------  ----  ----------  ----------   ----------------
.intvecs   0    00000000    0000026c     
                  00000000    0000026c     tm4c123gh6pm_startup_ccs.obj (.intvecs)

.text      0    0000026c    00001430     
                  0000026c    00000e30     main.obj (.text)
                  0000109c    000002e8     initHw.obj (.text)
                  00001384    0000009c     rtsv7M4_T_le_v4SPD16_eabi.lib : memcpy_t2.asm.obj (.text)
                  00001420    0000007a                                   : memset_t2.asm.obj (.text)
                  0000149a    00000002     --HOLE-- [fill = 0]
                  0000149c    00000068     driverlib.lib : interrupt.obj (.text:IntEnable)
                  00001504    00000068     rtsv7M4_T_le_v4SPD16_eabi.lib : copy_decompress_lzss.c.obj (.text:decompress:lzss:__TI_decompress_lzss)
                  0000156c    00000056     driverlib.lib : gpio.obj (.text:GPIOIntTypeSet)
                  000015c2    00000002     --HOLE-- [fill = 0]
                  000015c4    00000044     rtsv7M4_T_le_v4SPD16_eabi.lib : autoinit.c.obj (.text:__TI_auto_init_nobinit_nopinit:__TI_auto_init_nobinit_nopinit)
                  00001608    00000038                                   : boot_cortex_m.c.obj (.text:_c_int00_noargs:_c_int00_noargs)
                  00001640    00000014                                   : strlen.c.obj (.text:strlen)
                  00001654    0000000e     driverlib.lib : gpio.obj (.text:GPIOIntDisable)
                  00001662    0000000e     rtsv7M4_T_le_v4SPD16_eabi.lib : copy_decompress_none.c.obj (.text:decompress:none:__TI_decompress_none)
                  00001670    0000000c     driverlib.lib : gpio.obj (.text:GPIOIntEnable)
                  0000167c    0000000c     rtsv7M4_T_le_v4SPD16_eabi.lib : copy_zero_init.c.obj (.text:decompress:ZI:__TI_zero_init)
                  00001688    0000000c     tm4c123gh6pm_startup_ccs.obj (.text)
                  00001694    00000004     rtsv7M4_T_le_v4SPD16_eabi.lib : pre_init.c.obj (.text:_system_pre_init)
                  00001698    00000004                                   : exit.c.obj (.text:abort:abort)

.const     0    0000169c    00000264     
                  0000169c    000001f4     main.obj (.const:charGen)
                  00001890    00000070     driverlib.lib : interrupt.obj (.const)

.cinit     0    00001900    00000030     
                  00001900    0000000c     (__TI_handler_table)
                  0000190c    0000000a     (.cinit..data.load) [load image, compression = lzss]
                  00001916    00000002     --HOLE-- [fill = 0]
                  00001918    00000008     (.cinit..bss.load) [load image, compression = zero_init]
                  00001920    00000010     (__TI_cinit_table)

.init_array 
*          0    00000000    00000000     UNINITIALIZED

.bss       0    20000000    00000426     UNINITIALIZED
                  20000000    00000400     (.common:pixelMap)
                  20000400    00000014     (.common:packet)
                  20000414    0000000c     (.common:data)
                  20000420    00000004     (.common:sum)
                  20000424    00000002     (.common:chksum)

.data      0    20000628    00000010     UNINITIALIZED
                  20000628    00000010     main.obj (.data)

.stack     0    20000428    00000200     UNINITIALIZED
                  20000428    00000004     rtsv7M4_T_le_v4SPD16_eabi.lib : boot_cortex_m.c.obj (.stack)
                  2000042c    000001fc     --HOLE--

MODULE SUMMARY

       Module                         code   ro data   rw data
       ------                         ----   -------   -------
    ./
       main.obj                       3632   500       1078   
       initHw.obj                     744    0         0      
       tm4c123gh6pm_startup_ccs.obj   12     620       0      
    +--+------------------------------+------+---------+---------+
       Total:                         4388   1120      1078   
                                                              
    /Applications/ti/ccsv8/tools/compiler/ti-cgt-arm_18.1.1.LTS/lib/rtsv7M4_T_le_v4SPD16_eabi.lib
       memcpy_t2.asm.obj              156    0         0      
       memset_t2.asm.obj              122    0         0      
       copy_decompress_lzss.c.obj     104    0         0      
       autoinit.c.obj                 68     0         0      
       boot_cortex_m.c.obj            56     0         0      
       strlen.c.obj                   20     0         0      
       copy_decompress_none.c.obj     14     0         0      
       copy_zero_init.c.obj           12     0         0      
       exit.c.obj                     4      0         0      
       pre_init.c.obj                 4      0         0      
    +--+------------------------------+------+---------+---------+
       Total:                         560    0         0      
                                                              
    /Users/nihit/Desktop/TivaWare_C_Series-2.1.4.178/driverlib/ccs/Debug/driverlib.lib
       interrupt.obj                  104    112       0      
       gpio.obj                       112    0         0      
    +--+------------------------------+------+---------+---------+
       Total:                         216    112       0      
                                                              
       Stack:                         0      0         512    
       Linker Generated:              0      46        0      
    +--+------------------------------+------+---------+---------+
       Grand Total:                   5164   1278      1590   


LINKER GENERATED COPY TABLES

__TI_cinit_table @ 00001920 records: 2, size/record: 8, table size: 16
	.data: load addr=0000190c, load size=0000000a bytes, run addr=20000628, run size=00000010 bytes, compression=lzss
	.bss: load addr=00001918, load size=00000008 bytes, run addr=20000000, run size=00000426 bytes, compression=zero_init


LINKER GENERATED HANDLER TABLE

__TI_handler_table @ 00001900 records: 3, size/record: 4, table size: 12
	index: 0, handler: __TI_decompress_lzss
	index: 1, handler: __TI_decompress_none
	index: 2, handler: __TI_zero_init


GLOBAL SYMBOLS: SORTED ALPHABETICALLY BY Name 

address   name                          
-------   ----                          
00001699  C$$EXIT                       
00001655  GPIOIntDisable                
00001671  GPIOIntEnable                 
0000156d  GPIOIntTypeSet                
0000149d  IntEnable                     
00001689  ResetISR                      
000008ab  SumWords                      
20000628  __STACK_END                   
00000200  __STACK_SIZE                  
20000628  __STACK_TOP                   
00001920  __TI_CINIT_Base               
00001930  __TI_CINIT_Limit              
00001900  __TI_Handler_Table_Base       
0000190c  __TI_Handler_Table_Limit      
000015c5  __TI_auto_init_nobinit_nopinit
00001505  __TI_decompress_lzss          
00001663  __TI_decompress_none          
ffffffff  __TI_pprof_out_hndl           
ffffffff  __TI_prof_data_size           
ffffffff  __TI_prof_data_start          
00000000  __TI_static_base__            
0000167d  __TI_zero_init                
00001421  __aeabi_memclr                
00001421  __aeabi_memclr4               
00001421  __aeabi_memclr8               
00001385  __aeabi_memcpy                
00001385  __aeabi_memcpy4               
00001385  __aeabi_memcpy8               
00001423  __aeabi_memset                
00001423  __aeabi_memset4               
00001423  __aeabi_memset8               
ffffffff  __binit__                     
ffffffff  __c_args__                    
UNDEFED   __mpu_init                    
20000428  __stack                       
00001609  _c_int00_noargs               
UNDEFED   _system_post_cinit            
00001695  _system_pre_init              
00001699  abort                         
ffffffff  binit                         
00000ab5  blinkLED                      
0000169c  charGen                       
00000c19  checkEnterPbPress             
00000bf5  checkLeftPbPress              
00000c09  checkRightPbPress             
20000424  chksum                        
00000c47  clearCursor                   
0000037b  clearGraphicsLcd              
00000965  createPacket                  
20000414  data                          
20000635  dataLength                    
00000a43  debounceISR                   
20000634  digitValue                    
00000c65  displayInteger                
00000c8d  displayString                 
0000040d  drawGraphicsLcdPixel          
000004c9  drawGraphicsLcdRectangle      
2000062f  enterPbPressed                
00000000  g_pfnVectors                  
0000091d  getChecksum                   
00000cb9  getDigit                      
00000d59  getHundred                    
00000d71  getTen                        
00000da5  getThousand                   
00000d89  getUnit                       
00000be1  h2c                           
20000629  hundreds                      
000003b1  initGraphicsLcd               
0000109d  initHw                        
00000861  initialize_data               
2000062c  inputComplete                 
2000062d  leftPbPressed                 
00000fdd  main                          
00001385  memcpy                        
00001429  memset                        
20000400  packet                        
00000b55  pbHit                         
20000631  pbPressedValue                
20000000  pixelMap                      
00000aed  portAisr                      
00000b27  portFisr                      
00000a45  putPacket                     
0000066f  putcGraphicsLcd               
00000813  putcUart0                     
000007a9  putcUart1                     
00000715  puthGraphicsLcd               
000007c5  puthUart1                     
000006e9  putsGraphicsLcd               
0000082f  putsUart0                     
000007e1  putsUart1                     
00000311  refreshGraphicsLcd            
2000062e  rightPbPressed                
0000026d  sendGraphicsLcdCommand        
000002a3  sendGraphicsLcdData           
00000c29  setCursor                     
000002ef  setGraphicsLcdColumn          
000002d9  setGraphicsLcdPage            
00000643  setGraphicsLcdTextPosition    
20000630  settingMode                   
00001641  strlen                        
20000420  sum                           
2000062a  tens                          
20000628  thousands                     
00000bcd  timer2Isr                     
00000a11  trainingPackets               
00000a79  transmitPacketISR             
20000636  txtIndex                      
2000062b  units                         
00000e01  userInputFromPb               
00000789  waitMicrosecond               
00000b89  whichPbPressed                


GLOBAL SYMBOLS: SORTED BY Symbol Address 

address   name                          
-------   ----                          
00000000  __TI_static_base__            
00000000  g_pfnVectors                  
00000200  __STACK_SIZE                  
0000026d  sendGraphicsLcdCommand        
000002a3  sendGraphicsLcdData           
000002d9  setGraphicsLcdPage            
000002ef  setGraphicsLcdColumn          
00000311  refreshGraphicsLcd            
0000037b  clearGraphicsLcd              
000003b1  initGraphicsLcd               
0000040d  drawGraphicsLcdPixel          
000004c9  drawGraphicsLcdRectangle      
00000643  setGraphicsLcdTextPosition    
0000066f  putcGraphicsLcd               
000006e9  putsGraphicsLcd               
00000715  puthGraphicsLcd               
00000789  waitMicrosecond               
000007a9  putcUart1                     
000007c5  puthUart1                     
000007e1  putsUart1                     
00000813  putcUart0                     
0000082f  putsUart0                     
00000861  initialize_data               
000008ab  SumWords                      
0000091d  getChecksum                   
00000965  createPacket                  
00000a11  trainingPackets               
00000a43  debounceISR                   
00000a45  putPacket                     
00000a79  transmitPacketISR             
00000ab5  blinkLED                      
00000aed  portAisr                      
00000b27  portFisr                      
00000b55  pbHit                         
00000b89  whichPbPressed                
00000bcd  timer2Isr                     
00000be1  h2c                           
00000bf5  checkLeftPbPress              
00000c09  checkRightPbPress             
00000c19  checkEnterPbPress             
00000c29  setCursor                     
00000c47  clearCursor                   
00000c65  displayInteger                
00000c8d  displayString                 
00000cb9  getDigit                      
00000d59  getHundred                    
00000d71  getTen                        
00000d89  getUnit                       
00000da5  getThousand                   
00000e01  userInputFromPb               
00000fdd  main                          
0000109d  initHw                        
00001385  __aeabi_memcpy                
00001385  __aeabi_memcpy4               
00001385  __aeabi_memcpy8               
00001385  memcpy                        
00001421  __aeabi_memclr                
00001421  __aeabi_memclr4               
00001421  __aeabi_memclr8               
00001423  __aeabi_memset                
00001423  __aeabi_memset4               
00001423  __aeabi_memset8               
00001429  memset                        
0000149d  IntEnable                     
00001505  __TI_decompress_lzss          
0000156d  GPIOIntTypeSet                
000015c5  __TI_auto_init_nobinit_nopinit
00001609  _c_int00_noargs               
00001641  strlen                        
00001655  GPIOIntDisable                
00001663  __TI_decompress_none          
00001671  GPIOIntEnable                 
0000167d  __TI_zero_init                
00001689  ResetISR                      
00001695  _system_pre_init              
00001699  C$$EXIT                       
00001699  abort                         
0000169c  charGen                       
00001900  __TI_Handler_Table_Base       
0000190c  __TI_Handler_Table_Limit      
00001920  __TI_CINIT_Base               
00001930  __TI_CINIT_Limit              
20000000  pixelMap                      
20000400  packet                        
20000414  data                          
20000420  sum                           
20000424  chksum                        
20000428  __stack                       
20000628  __STACK_END                   
20000628  __STACK_TOP                   
20000628  thousands                     
20000629  hundreds                      
2000062a  tens                          
2000062b  units                         
2000062c  inputComplete                 
2000062d  leftPbPressed                 
2000062e  rightPbPressed                
2000062f  enterPbPressed                
20000630  settingMode                   
20000631  pbPressedValue                
20000634  digitValue                    
20000635  dataLength                    
20000636  txtIndex                      
ffffffff  __TI_pprof_out_hndl           
ffffffff  __TI_prof_data_size           
ffffffff  __TI_prof_data_start          
ffffffff  __binit__                     
ffffffff  __c_args__                    
ffffffff  binit                         
UNDEFED   __mpu_init                    
UNDEFED   _system_post_cinit            

[111 symbols]
