******************************************************************************
                  TI ARM Linker Unix v18.1.1                   
******************************************************************************
>> Linked Wed Sep  5 19:14:32 2018

OUTPUT FILE NAME:   <ReferenceSource.out>
ENTRY POINT SYMBOL: "_c_int00_noargs"  address: 00000f4d


MEMORY CONFIGURATION

         name            origin    length      used     unused   attr    fill
----------------------  --------  ---------  --------  --------  ----  --------
  FLASH                 00000000   00040000  000011ea  0003ee16  R  X
  SRAM                  20000000   00008000  00000629  000079d7  RW X


SEGMENT ALLOCATION MAP

run origin  load origin   length   init length attrs members
----------  ----------- ---------- ----------- ----- -------
00000000    00000000    000011f0   000011f0    r-x
  00000000    00000000    0000026c   0000026c    r-- .intvecs
  0000026c    0000026c    00000d5a   00000d5a    r-x .text
  00000fc6    00000fc6    000001f4   000001f4    r-- .const
  000011c0    000011c0    00000030   00000030    r-- .cinit
20000000    20000000    0000062b   00000000    rw-
  20000000    20000000    00000426   00000000    rw- .bss
  20000428    20000428    00000200   00000000    rw- .stack
  20000628    20000628    00000003   00000000    rw- .data


SECTION ALLOCATION MAP

 output                                  attributes/
section   page    origin      length       input sections
--------  ----  ----------  ----------   ----------------
.intvecs   0    00000000    0000026c     
                  00000000    0000026c     tm4c123gh6pm_startup_ccs.obj (.intvecs)

.text      0    0000026c    00000d5a     
                  0000026c    000004d4     lcdDriver.obj (.text)
                  00000740    000003ec     main.obj (.text)
                  00000b2c    0000025c     initHw.obj (.text)
                  00000d88    0000009c     rtsv7M4_T_le_v4SPD16_eabi.lib : memcpy_t2.asm.obj (.text)
                  00000e24    0000007a                                   : memset_t2.asm.obj (.text)
                  00000e9e    00000068                                   : copy_decompress_lzss.c.obj (.text:decompress:lzss:__TI_decompress_lzss)
                  00000f06    00000002     --HOLE-- [fill = 0]
                  00000f08    00000044                                   : autoinit.c.obj (.text:__TI_auto_init_nobinit_nopinit:__TI_auto_init_nobinit_nopinit)
                  00000f4c    00000038                                   : boot_cortex_m.c.obj (.text:_c_int00_noargs:_c_int00_noargs)
                  00000f84    00000014                                   : strlen.c.obj (.text:strlen)
                  00000f98    0000000e                                   : copy_decompress_none.c.obj (.text:decompress:none:__TI_decompress_none)
                  00000fa6    0000000c                                   : copy_zero_init.c.obj (.text:decompress:ZI:__TI_zero_init)
                  00000fb2    0000000c     tm4c123gh6pm_startup_ccs.obj (.text)
                  00000fbe    00000004     rtsv7M4_T_le_v4SPD16_eabi.lib : pre_init.c.obj (.text:_system_pre_init)
                  00000fc2    00000004                                   : exit.c.obj (.text:abort:abort)

.const     0    00000fc6    000001f4     
                  00000fc6    000001f4     lcdDriver.obj (.const:charGen)

.cinit     0    000011c0    00000030     
                  000011c0    0000000c     (__TI_handler_table)
                  000011cc    00000004     --HOLE-- [fill = 0]
                  000011d0    00000008     (.cinit..bss.load) [load image, compression = zero_init]
                  000011d8    00000007     (.cinit..data.load) [load image, compression = lzss]
                  000011df    00000001     --HOLE-- [fill = 0]
                  000011e0    00000010     (__TI_cinit_table)

.init_array 
*          0    00000000    00000000     UNINITIALIZED

.bss       0    20000000    00000426     UNINITIALIZED
                  20000000    00000400     (.common:pixelMap)
                  20000400    00000014     (.common:packet)
                  20000414    0000000c     (.common:data)
                  20000420    00000004     (.common:sum)
                  20000424    00000002     (.common:chksum)

.data      0    20000628    00000003     UNINITIALIZED
                  20000628    00000002     lcdDriver.obj (.data)
                  2000062a    00000001     main.obj (.data)

.stack     0    20000428    00000200     UNINITIALIZED
                  20000428    00000004     rtsv7M4_T_le_v4SPD16_eabi.lib : boot_cortex_m.c.obj (.stack)
                  2000042c    000001fc     --HOLE--

MODULE SUMMARY

       Module                         code   ro data   rw data
       ------                         ----   -------   -------
    ./
       main.obj                       1004   0         39     
       tm4c123gh6pm_startup_ccs.obj   12     620       0      
    +--+------------------------------+------+---------+---------+
       Total:                         1016   620       39     
                                                              
    ./src/
       lcdDriver.obj                  1236   500       1026   
       initHw.obj                     604    0         0      
    +--+------------------------------+------+---------+---------+
       Total:                         1840   500       1026   
                                                              
    /Applications/ti/ccsv8/tools/compiler/ti-cgt-arm_18.1.1.LTS/lib/rtsv7M4_T_le_v4SPD16_eabi.lib
       memcpy_t2.asm.obj              156    0         0      
       memset_t2.asm.obj              122    0         0      
       copy_decompress_lzss.c.obj     104    0         0      
       autoinit.c.obj                 68     0         0      
       boot_cortex_m.c.obj            56     0         0      
       strlen.c.obj                   20     0         0      
       copy_decompress_none.c.obj     14     0         0      
       copy_zero_init.c.obj           12     0         0      
       exit.c.obj                     4      0         0      
       pre_init.c.obj                 4      0         0      
    +--+------------------------------+------+---------+---------+
       Total:                         560    0         0      
                                                              
       Stack:                         0      0         512    
       Linker Generated:              0      43        0      
    +--+------------------------------+------+---------+---------+
       Grand Total:                   3416   1163      1577   


LINKER GENERATED COPY TABLES

__TI_cinit_table @ 000011e0 records: 2, size/record: 8, table size: 16
	.bss: load addr=000011d0, load size=00000008 bytes, run addr=20000000, run size=00000426 bytes, compression=zero_init
	.data: load addr=000011d8, load size=00000007 bytes, run addr=20000628, run size=00000003 bytes, compression=lzss


LINKER GENERATED HANDLER TABLE

__TI_handler_table @ 000011c0 records: 3, size/record: 4, table size: 12
	index: 0, handler: __TI_decompress_lzss
	index: 1, handler: __TI_decompress_none
	index: 2, handler: __TI_zero_init


GLOBAL SYMBOLS: SORTED ALPHABETICALLY BY Name 

address   name                          
-------   ----                          
00000fc3  C$$EXIT                       
00000fb3  ResetISR                      
00000863  SumWords                      
20000628  __STACK_END                   
00000200  __STACK_SIZE                  
20000628  __STACK_TOP                   
000011e0  __TI_CINIT_Base               
000011f0  __TI_CINIT_Limit              
000011c0  __TI_Handler_Table_Base       
000011cc  __TI_Handler_Table_Limit      
00000f09  __TI_auto_init_nobinit_nopinit
00000e9f  __TI_decompress_lzss          
00000f99  __TI_decompress_none          
ffffffff  __TI_pprof_out_hndl           
ffffffff  __TI_prof_data_size           
ffffffff  __TI_prof_data_start          
00000000  __TI_static_base__            
00000fa7  __TI_zero_init                
00000e25  __aeabi_memclr                
00000e25  __aeabi_memclr4               
00000e25  __aeabi_memclr8               
00000d89  __aeabi_memcpy                
00000d89  __aeabi_memcpy4               
00000d89  __aeabi_memcpy8               
00000e27  __aeabi_memset                
00000e27  __aeabi_memset4               
00000e27  __aeabi_memset8               
ffffffff  __binit__                     
ffffffff  __c_args__                    
UNDEFED   __mpu_init                    
20000428  __stack                       
00000f4d  _c_int00_noargs               
UNDEFED   _system_post_cinit            
00000fbf  _system_pre_init              
00000fc3  abort                         
ffffffff  binit                         
00000a5f  blinkLED                      
00000a77  buttonPress                   
00000fc6  charGen                       
20000424  chksum                        
0000037b  clearGraphicsLcd              
0000090f  createPacket                  
20000414  data                          
2000062a  dataLength                    
000009ed  debounceISR                   
0000041f  drawGraphicsLcdPixel          
000004dd  drawGraphicsLcdRectangle      
00000000  g_pfnVectors                  
000008d5  getChecksum                   
000003b1  initGraphicsLcd               
00000b2d  initHw                        
00000819  initialize_data               
00000a99  main                          
00000d89  memcpy                        
00000e2d  memset                        
20000400  packet                        
20000000  pixelMap                      
000009ef  putPacket                     
00000689  putcGraphicsLcd               
000007cb  putcUart0                     
00000761  putcUart1                     
0000077d  puthUart1                     
000006fd  putsGraphicsLcd               
000007e7  putsUart0                     
00000799  putsUart1                     
00000311  refreshGraphicsLcd            
0000026d  sendGraphicsLcdCommand        
000002a3  sendGraphicsLcdData           
000002ef  setGraphicsLcdColumn          
000002d9  setGraphicsLcdPage            
00000657  setGraphicsLcdTextPosition    
00000f85  strlen                        
20000420  sum                           
000009bb  trainingPackets               
00000a23  transmitPacketISR             
20000628  txtIndex                      
00000741  waitMicrosecond               


GLOBAL SYMBOLS: SORTED BY Symbol Address 

address   name                          
-------   ----                          
00000000  __TI_static_base__            
00000000  g_pfnVectors                  
00000200  __STACK_SIZE                  
0000026d  sendGraphicsLcdCommand        
000002a3  sendGraphicsLcdData           
000002d9  setGraphicsLcdPage            
000002ef  setGraphicsLcdColumn          
00000311  refreshGraphicsLcd            
0000037b  clearGraphicsLcd              
000003b1  initGraphicsLcd               
0000041f  drawGraphicsLcdPixel          
000004dd  drawGraphicsLcdRectangle      
00000657  setGraphicsLcdTextPosition    
00000689  putcGraphicsLcd               
000006fd  putsGraphicsLcd               
00000741  waitMicrosecond               
00000761  putcUart1                     
0000077d  puthUart1                     
00000799  putsUart1                     
000007cb  putcUart0                     
000007e7  putsUart0                     
00000819  initialize_data               
00000863  SumWords                      
000008d5  getChecksum                   
0000090f  createPacket                  
000009bb  trainingPackets               
000009ed  debounceISR                   
000009ef  putPacket                     
00000a23  transmitPacketISR             
00000a5f  blinkLED                      
00000a77  buttonPress                   
00000a99  main                          
00000b2d  initHw                        
00000d89  __aeabi_memcpy                
00000d89  __aeabi_memcpy4               
00000d89  __aeabi_memcpy8               
00000d89  memcpy                        
00000e25  __aeabi_memclr                
00000e25  __aeabi_memclr4               
00000e25  __aeabi_memclr8               
00000e27  __aeabi_memset                
00000e27  __aeabi_memset4               
00000e27  __aeabi_memset8               
00000e2d  memset                        
00000e9f  __TI_decompress_lzss          
00000f09  __TI_auto_init_nobinit_nopinit
00000f4d  _c_int00_noargs               
00000f85  strlen                        
00000f99  __TI_decompress_none          
00000fa7  __TI_zero_init                
00000fb3  ResetISR                      
00000fbf  _system_pre_init              
00000fc3  C$$EXIT                       
00000fc3  abort                         
00000fc6  charGen                       
000011c0  __TI_Handler_Table_Base       
000011cc  __TI_Handler_Table_Limit      
000011e0  __TI_CINIT_Base               
000011f0  __TI_CINIT_Limit              
20000000  pixelMap                      
20000400  packet                        
20000414  data                          
20000420  sum                           
20000424  chksum                        
20000428  __stack                       
20000628  __STACK_END                   
20000628  __STACK_TOP                   
20000628  txtIndex                      
2000062a  dataLength                    
ffffffff  __TI_pprof_out_hndl           
ffffffff  __TI_prof_data_size           
ffffffff  __TI_prof_data_start          
ffffffff  __binit__                     
ffffffff  __c_args__                    
ffffffff  binit                         
UNDEFED   __mpu_init                    
UNDEFED   _system_post_cinit            

[77 symbols]
