******************************************************************************
                  TI ARM Linker Unix v18.1.1                   
******************************************************************************
>> Linked Sun Sep 23 21:24:11 2018

OUTPUT FILE NAME:   <ReferenceSource.out>
ENTRY POINT SYMBOL: "_c_int00_noargs"  address: 00001729


MEMORY CONFIGURATION

         name            origin    length      used     unused   attr    fill
----------------------  --------  ---------  --------  --------  ----  --------
  FLASH                 00000000   00040000  00001a50  0003e5b0  R  X
  SRAM                  20000000   00008000  00000636  000079ca  RW X


SEGMENT ALLOCATION MAP

run origin  load origin   length   init length attrs members
----------  ----------- ---------- ----------- ----- -------
00000000    00000000    00001a50   00001a50    r-x
  00000000    00000000    0000026c   0000026c    r-- .intvecs
  0000026c    0000026c    00001550   00001550    r-x .text
  000017bc    000017bc    00000264   00000264    r-- .const
  00001a20    00001a20    00000030   00000030    r-- .cinit
20000000    20000000    00000638   00000000    rw-
  20000000    20000000    00000426   00000000    rw- .bss
  20000428    20000428    00000200   00000000    rw- .stack
  20000628    20000628    00000010   00000000    rw- .data


SECTION ALLOCATION MAP

 output                                  attributes/
section   page    origin      length       input sections
--------  ----  ----------  ----------   ----------------
.intvecs   0    00000000    0000026c     
                  00000000    0000026c     tm4c123gh6pm_startup_ccs.obj (.intvecs)

.text      0    0000026c    00001550     
                  0000026c    00000f50     main.obj (.text)
                  000011bc    000002e8     initHw.obj (.text)
                  000014a4    0000009c     rtsv7M4_T_le_v4SPD16_eabi.lib : memcpy_t2.asm.obj (.text)
                  00001540    0000007a                                   : memset_t2.asm.obj (.text)
                  000015ba    00000002     --HOLE-- [fill = 0]
                  000015bc    00000068     driverlib.lib : interrupt.obj (.text:IntEnable)
                  00001624    00000068     rtsv7M4_T_le_v4SPD16_eabi.lib : copy_decompress_lzss.c.obj (.text:decompress:lzss:__TI_decompress_lzss)
                  0000168c    00000056     driverlib.lib : gpio.obj (.text:GPIOIntTypeSet)
                  000016e2    00000002     --HOLE-- [fill = 0]
                  000016e4    00000044     rtsv7M4_T_le_v4SPD16_eabi.lib : autoinit.c.obj (.text:__TI_auto_init_nobinit_nopinit:__TI_auto_init_nobinit_nopinit)
                  00001728    00000038                                   : boot_cortex_m.c.obj (.text:_c_int00_noargs:_c_int00_noargs)
                  00001760    00000014                                   : strlen.c.obj (.text:strlen)
                  00001774    0000000e     driverlib.lib : gpio.obj (.text:GPIOIntDisable)
                  00001782    0000000e     rtsv7M4_T_le_v4SPD16_eabi.lib : copy_decompress_none.c.obj (.text:decompress:none:__TI_decompress_none)
                  00001790    0000000c     driverlib.lib : gpio.obj (.text:GPIOIntEnable)
                  0000179c    0000000c     rtsv7M4_T_le_v4SPD16_eabi.lib : copy_zero_init.c.obj (.text:decompress:ZI:__TI_zero_init)
                  000017a8    0000000c     tm4c123gh6pm_startup_ccs.obj (.text)
                  000017b4    00000004     rtsv7M4_T_le_v4SPD16_eabi.lib : pre_init.c.obj (.text:_system_pre_init)
                  000017b8    00000004                                   : exit.c.obj (.text:abort:abort)

.const     0    000017bc    00000264     
                  000017bc    000001f4     main.obj (.const:charGen)
                  000019b0    00000070     driverlib.lib : interrupt.obj (.const)

.cinit     0    00001a20    00000030     
                  00001a20    0000000c     (__TI_handler_table)
                  00001a2c    0000000a     (.cinit..data.load) [load image, compression = lzss]
                  00001a36    00000002     --HOLE-- [fill = 0]
                  00001a38    00000008     (.cinit..bss.load) [load image, compression = zero_init]
                  00001a40    00000010     (__TI_cinit_table)

.init_array 
*          0    00000000    00000000     UNINITIALIZED

.bss       0    20000000    00000426     UNINITIALIZED
                  20000000    00000400     (.common:pixelMap)
                  20000400    00000014     (.common:packet)
                  20000414    0000000c     (.common:data)
                  20000420    00000004     (.common:sum)
                  20000424    00000002     (.common:chksum)

.data      0    20000628    00000010     UNINITIALIZED
                  20000628    00000010     main.obj (.data)

.stack     0    20000428    00000200     UNINITIALIZED
                  20000428    00000004     rtsv7M4_T_le_v4SPD16_eabi.lib : boot_cortex_m.c.obj (.stack)
                  2000042c    000001fc     --HOLE--

MODULE SUMMARY

       Module                         code   ro data   rw data
       ------                         ----   -------   -------
    ./
       main.obj                       3920   500       1078   
       initHw.obj                     744    0         0      
       tm4c123gh6pm_startup_ccs.obj   12     620       0      
    +--+------------------------------+------+---------+---------+
       Total:                         4676   1120      1078   
                                                              
    /Applications/ti/ccsv8/tools/compiler/ti-cgt-arm_18.1.1.LTS/lib/rtsv7M4_T_le_v4SPD16_eabi.lib
       memcpy_t2.asm.obj              156    0         0      
       memset_t2.asm.obj              122    0         0      
       copy_decompress_lzss.c.obj     104    0         0      
       autoinit.c.obj                 68     0         0      
       boot_cortex_m.c.obj            56     0         0      
       strlen.c.obj                   20     0         0      
       copy_decompress_none.c.obj     14     0         0      
       copy_zero_init.c.obj           12     0         0      
       exit.c.obj                     4      0         0      
       pre_init.c.obj                 4      0         0      
    +--+------------------------------+------+---------+---------+
       Total:                         560    0         0      
                                                              
    /Users/nihit/Desktop/TivaWare_C_Series-2.1.4.178/driverlib/ccs/Debug/driverlib.lib
       interrupt.obj                  104    112       0      
       gpio.obj                       112    0         0      
    +--+------------------------------+------+---------+---------+
       Total:                         216    112       0      
                                                              
       Stack:                         0      0         512    
       Linker Generated:              0      46        0      
    +--+------------------------------+------+---------+---------+
       Grand Total:                   5452   1278      1590   


LINKER GENERATED COPY TABLES

__TI_cinit_table @ 00001a40 records: 2, size/record: 8, table size: 16
	.data: load addr=00001a2c, load size=0000000a bytes, run addr=20000628, run size=00000010 bytes, compression=lzss
	.bss: load addr=00001a38, load size=00000008 bytes, run addr=20000000, run size=00000426 bytes, compression=zero_init


LINKER GENERATED HANDLER TABLE

__TI_handler_table @ 00001a20 records: 3, size/record: 4, table size: 12
	index: 0, handler: __TI_decompress_lzss
	index: 1, handler: __TI_decompress_none
	index: 2, handler: __TI_zero_init


GLOBAL SYMBOLS: SORTED ALPHABETICALLY BY Name 

address   name                          
-------   ----                          
000017b9  C$$EXIT                       
00001775  GPIOIntDisable                
00001791  GPIOIntEnable                 
0000168d  GPIOIntTypeSet                
000015bd  IntEnable                     
000017a9  ResetISR                      
000008ab  SumWords                      
20000628  __STACK_END                   
00000200  __STACK_SIZE                  
20000628  __STACK_TOP                   
00001a40  __TI_CINIT_Base               
00001a50  __TI_CINIT_Limit              
00001a20  __TI_Handler_Table_Base       
00001a2c  __TI_Handler_Table_Limit      
000016e5  __TI_auto_init_nobinit_nopinit
00001625  __TI_decompress_lzss          
00001783  __TI_decompress_none          
ffffffff  __TI_pprof_out_hndl           
ffffffff  __TI_prof_data_size           
ffffffff  __TI_prof_data_start          
00000000  __TI_static_base__            
0000179d  __TI_zero_init                
00001541  __aeabi_memclr                
00001541  __aeabi_memclr4               
00001541  __aeabi_memclr8               
000014a5  __aeabi_memcpy                
000014a5  __aeabi_memcpy4               
000014a5  __aeabi_memcpy8               
00001543  __aeabi_memset                
00001543  __aeabi_memset4               
00001543  __aeabi_memset8               
ffffffff  __binit__                     
ffffffff  __c_args__                    
UNDEFED   __mpu_init                    
20000428  __stack                       
00001729  _c_int00_noargs               
UNDEFED   _system_post_cinit            
000017b5  _system_pre_init              
000017b9  abort                         
ffffffff  binit                         
00000aab  blinkLED                      
000017bc  charGen                       
00000c0d  checkEnterPbPress             
00000be9  checkLeftPbPress              
00000bf9  checkRightPbPress             
20000424  chksum                        
00000c3b  clearCursor                   
0000037b  clearGraphicsLcd              
00000965  createPacket                  
20000414  data                          
20000635  dataLength                    
00000a43  debounceISR                   
20000634  digitValue                    
00000c59  displayInteger                
00000c81  displayString                 
0000040d  drawGraphicsLcdPixel          
000004c9  drawGraphicsLcdRectangle      
2000062f  enterPbPressed                
00000000  g_pfnVectors                  
00000cad  get1                          
00000d27  get10                         
00000dd9  get100                        
0000091d  getChecksum                   
00000e61  getDigit                      
00000f01  getHundred                    
00000f1d  getTen                        
00000f4f  getThousand                   
00000f35  getUnit                       
00000bd5  h2c                           
20000629  hundreds                      
000003b1  initGraphicsLcd               
000011bd  initHw                        
00000861  initialize_data               
2000062c  inputComplete                 
2000062d  leftPbPressed                 
000010f3  main                          
000014a5  memcpy                        
00001549  memset                        
20000400  packet                        
00000b49  pbHit                         
20000631  pbPressedValue                
20000000  pixelMap                      
00000ae1  portAisr                      
00000b1b  portFisr                      
00000a45  putPacket                     
0000066f  putcGraphicsLcd               
00000813  putcUart0                     
000007a9  putcUart1                     
00000715  puthGraphicsLcd               
000007c5  puthUart1                     
000006e9  putsGraphicsLcd               
0000082f  putsUart0                     
000007e1  putsUart1                     
00000311  refreshGraphicsLcd            
2000062e  rightPbPressed                
0000026d  sendGraphicsLcdCommand        
000002a3  sendGraphicsLcdData           
00000c1d  setCursor                     
000002ef  setGraphicsLcdColumn          
000002d9  setGraphicsLcdPage            
00000643  setGraphicsLcdTextPosition    
20000630  settingMode                   
00001761  strlen                        
20000420  sum                           
2000062a  tens                          
20000628  thousands                     
00000bb9  timer2Isr                     
00000a11  trainingPackets               
00000a79  transmitPacketISR             
20000636  txtIndex                      
2000062b  units                         
00000f71  userInputFromPb               
00000789  waitMicrosecond               
00000b71  whichPbPressed                


GLOBAL SYMBOLS: SORTED BY Symbol Address 

address   name                          
-------   ----                          
00000000  __TI_static_base__            
00000000  g_pfnVectors                  
00000200  __STACK_SIZE                  
0000026d  sendGraphicsLcdCommand        
000002a3  sendGraphicsLcdData           
000002d9  setGraphicsLcdPage            
000002ef  setGraphicsLcdColumn          
00000311  refreshGraphicsLcd            
0000037b  clearGraphicsLcd              
000003b1  initGraphicsLcd               
0000040d  drawGraphicsLcdPixel          
000004c9  drawGraphicsLcdRectangle      
00000643  setGraphicsLcdTextPosition    
0000066f  putcGraphicsLcd               
000006e9  putsGraphicsLcd               
00000715  puthGraphicsLcd               
00000789  waitMicrosecond               
000007a9  putcUart1                     
000007c5  puthUart1                     
000007e1  putsUart1                     
00000813  putcUart0                     
0000082f  putsUart0                     
00000861  initialize_data               
000008ab  SumWords                      
0000091d  getChecksum                   
00000965  createPacket                  
00000a11  trainingPackets               
00000a43  debounceISR                   
00000a45  putPacket                     
00000a79  transmitPacketISR             
00000aab  blinkLED                      
00000ae1  portAisr                      
00000b1b  portFisr                      
00000b49  pbHit                         
00000b71  whichPbPressed                
00000bb9  timer2Isr                     
00000bd5  h2c                           
00000be9  checkLeftPbPress              
00000bf9  checkRightPbPress             
00000c0d  checkEnterPbPress             
00000c1d  setCursor                     
00000c3b  clearCursor                   
00000c59  displayInteger                
00000c81  displayString                 
00000cad  get1                          
00000d27  get10                         
00000dd9  get100                        
00000e61  getDigit                      
00000f01  getHundred                    
00000f1d  getTen                        
00000f35  getUnit                       
00000f4f  getThousand                   
00000f71  userInputFromPb               
000010f3  main                          
000011bd  initHw                        
000014a5  __aeabi_memcpy                
000014a5  __aeabi_memcpy4               
000014a5  __aeabi_memcpy8               
000014a5  memcpy                        
00001541  __aeabi_memclr                
00001541  __aeabi_memclr4               
00001541  __aeabi_memclr8               
00001543  __aeabi_memset                
00001543  __aeabi_memset4               
00001543  __aeabi_memset8               
00001549  memset                        
000015bd  IntEnable                     
00001625  __TI_decompress_lzss          
0000168d  GPIOIntTypeSet                
000016e5  __TI_auto_init_nobinit_nopinit
00001729  _c_int00_noargs               
00001761  strlen                        
00001775  GPIOIntDisable                
00001783  __TI_decompress_none          
00001791  GPIOIntEnable                 
0000179d  __TI_zero_init                
000017a9  ResetISR                      
000017b5  _system_pre_init              
000017b9  C$$EXIT                       
000017b9  abort                         
000017bc  charGen                       
00001a20  __TI_Handler_Table_Base       
00001a2c  __TI_Handler_Table_Limit      
00001a40  __TI_CINIT_Base               
00001a50  __TI_CINIT_Limit              
20000000  pixelMap                      
20000400  packet                        
20000414  data                          
20000420  sum                           
20000424  chksum                        
20000428  __stack                       
20000628  __STACK_END                   
20000628  __STACK_TOP                   
20000628  thousands                     
20000629  hundreds                      
2000062a  tens                          
2000062b  units                         
2000062c  inputComplete                 
2000062d  leftPbPressed                 
2000062e  rightPbPressed                
2000062f  enterPbPressed                
20000630  settingMode                   
20000631  pbPressedValue                
20000634  digitValue                    
20000635  dataLength                    
20000636  txtIndex                      
ffffffff  __TI_pprof_out_hndl           
ffffffff  __TI_prof_data_size           
ffffffff  __TI_prof_data_start          
ffffffff  __binit__                     
ffffffff  __c_args__                    
ffffffff  binit                         
UNDEFED   __mpu_init                    
UNDEFED   _system_post_cinit            

[114 symbols]
