******************************************************************************
                  TI ARM Linker Unix v18.1.1                   
******************************************************************************
>> Linked Fri Aug 24 18:35:46 2018

OUTPUT FILE NAME:   <Ultrasonic_Transmitter.out>
ENTRY POINT SYMBOL: "_c_int00_noargs"  address: 00000675


MEMORY CONFIGURATION

         name            origin    length      used     unused   attr    fill
----------------------  --------  ---------  --------  --------  ----  --------
  FLASH                 00000000   00040000  000006fa  0003f906  R  X
  SRAM                  20000000   00008000  00000338  00007cc8  RW X


SEGMENT ALLOCATION MAP

run origin  load origin   length   init length attrs members
----------  ----------- ---------- ----------- ----- -------
00000000    00000000    000006fc   000006fc    r-x
  00000000    00000000    0000026c   0000026c    r-- .intvecs
  0000026c    0000026c    0000047a   0000047a    r-x .text
  000006e8    000006e8    00000014   00000014    r-- .cinit
20000000    20000000    00000338   00000000    rw-
  20000000    20000000    00000200   00000000    rw- .stack
  20000200    20000200    00000138   00000000    rw- .bss


SECTION ALLOCATION MAP

 output                                  attributes/
section   page    origin      length       input sections
--------  ----  ----------  ----------   ----------------
.intvecs   0    00000000    0000026c     
                  00000000    0000026c     tm4c123gh6pm_startup_ccs.obj (.intvecs)

.text      0    0000026c    0000047a     
                  0000026c    000003c4     main.obj (.text)
                  00000630    00000044     rtsv7M4_T_le_v4SPD16_eabi.lib : autoinit.c.obj (.text:__TI_auto_init_nobinit_nopinit:__TI_auto_init_nobinit_nopinit)
                  00000674    00000038                                   : boot_cortex_m.c.obj (.text:_c_int00_noargs:_c_int00_noargs)
                  000006ac    00000014                                   : strlen.c.obj (.text:strlen)
                  000006c0    00000012                                   : copy_zero_init.c.obj (.text:decompress:ZI:__TI_zero_init_nomemset:__TI_zero_init_nomemset)
                  000006d2    0000000c     tm4c123gh6pm_startup_ccs.obj (.text)
                  000006de    00000004     rtsv7M4_T_le_v4SPD16_eabi.lib : pre_init.c.obj (.text:_system_pre_init)
                  000006e2    00000004                                   : exit.c.obj (.text:abort:abort)

.cinit     0    000006e8    00000014     
                  000006e8    00000008     (.cinit..bss.load) [load image, compression = zero_init]
                  000006f0    00000004     (__TI_handler_table)
                  000006f4    00000008     (__TI_cinit_table)

.init_array 
*          0    00000000    00000000     UNINITIALIZED

.bss       0    20000200    00000138     UNINITIALIZED
                  20000200    00000100     (.common:packet)
                  20000300    00000034     (.common:data)
                  20000334    00000004     (.common:sum)

.stack     0    20000000    00000200     UNINITIALIZED
                  20000000    00000004     rtsv7M4_T_le_v4SPD16_eabi.lib : boot_cortex_m.c.obj (.stack)
                  20000004    000001fc     --HOLE--

MODULE SUMMARY

       Module                         code   ro data   rw data
       ------                         ----   -------   -------
    ./
       main.obj                       964    0         312    
       tm4c123gh6pm_startup_ccs.obj   12     620       0      
    +--+------------------------------+------+---------+---------+
       Total:                         976    620       312    
                                                              
    /Applications/ti/ccsv8/tools/compiler/ti-cgt-arm_18.1.1.LTS/lib/rtsv7M4_T_le_v4SPD16_eabi.lib
       autoinit.c.obj                 68     0         0      
       boot_cortex_m.c.obj            56     0         0      
       strlen.c.obj                   20     0         0      
       copy_zero_init.c.obj           18     0         0      
       exit.c.obj                     4      0         0      
       pre_init.c.obj                 4      0         0      
    +--+------------------------------+------+---------+---------+
       Total:                         170    0         0      
                                                              
       Stack:                         0      0         512    
       Linker Generated:              0      20        0      
    +--+------------------------------+------+---------+---------+
       Grand Total:                   1146   640       824    


LINKER GENERATED COPY TABLES

__TI_cinit_table @ 000006f4 records: 1, size/record: 8, table size: 8
	.bss: load addr=000006e8, load size=00000008 bytes, run addr=20000200, run size=00000138 bytes, compression=zero_init


LINKER GENERATED HANDLER TABLE

__TI_handler_table @ 000006f0 records: 1, size/record: 4, table size: 4
	index: 0, handler: __TI_zero_init


GLOBAL SYMBOLS: SORTED ALPHABETICALLY BY Name 

address   name                          
-------   ----                          
000006e3  C$$EXIT                       
000006d3  ResetISR                      
0000039f  SumWords                      
20000200  __STACK_END                   
00000200  __STACK_SIZE                  
20000200  __STACK_TOP                   
000006f4  __TI_CINIT_Base               
000006fc  __TI_CINIT_Limit              
000006f0  __TI_Handler_Table_Base       
000006f4  __TI_Handler_Table_Limit      
00000631  __TI_auto_init_nobinit_nopinit
ffffffff  __TI_pprof_out_hndl           
ffffffff  __TI_prof_data_size           
ffffffff  __TI_prof_data_start          
00000000  __TI_static_base__            
000006c1  __TI_zero_init_nomemset       
ffffffff  __binit__                     
ffffffff  __c_args__                    
UNDEFED   __mpu_init                    
20000000  __stack                       
00000675  _c_int00_noargs               
UNDEFED   _system_post_cinit            
000006df  _system_pre_init              
000006e3  abort                         
ffffffff  binit                         
20000300  data                          
00000000  g_pfnVectors                  
00000411  getChecksum                   
0000026d  initHw                        
0000044b  initialize_data               
0000049b  main                          
20000200  packet                        
00000351  putcUart0                     
00000303  putcUart1                     
0000036d  putsUart0                     
0000031f  putsUart1                     
000006ad  strlen                        
20000334  sum                           
000002e3  waitMicrosecond               


GLOBAL SYMBOLS: SORTED BY Symbol Address 

address   name                          
-------   ----                          
00000000  __TI_static_base__            
00000000  g_pfnVectors                  
00000200  __STACK_SIZE                  
0000026d  initHw                        
000002e3  waitMicrosecond               
00000303  putcUart1                     
0000031f  putsUart1                     
00000351  putcUart0                     
0000036d  putsUart0                     
0000039f  SumWords                      
00000411  getChecksum                   
0000044b  initialize_data               
0000049b  main                          
00000631  __TI_auto_init_nobinit_nopinit
00000675  _c_int00_noargs               
000006ad  strlen                        
000006c1  __TI_zero_init_nomemset       
000006d3  ResetISR                      
000006df  _system_pre_init              
000006e3  C$$EXIT                       
000006e3  abort                         
000006f0  __TI_Handler_Table_Base       
000006f4  __TI_CINIT_Base               
000006f4  __TI_Handler_Table_Limit      
000006fc  __TI_CINIT_Limit              
20000000  __stack                       
20000200  __STACK_END                   
20000200  __STACK_TOP                   
20000200  packet                        
20000300  data                          
20000334  sum                           
ffffffff  __TI_pprof_out_hndl           
ffffffff  __TI_prof_data_size           
ffffffff  __TI_prof_data_start          
ffffffff  __binit__                     
ffffffff  __c_args__                    
ffffffff  binit                         
UNDEFED   __mpu_init                    
UNDEFED   _system_post_cinit            

[39 symbols]
